// Jest Snapshot v1, https://goo.gl/fbAQLP

exports[`<Subscribe /> should match snapshort 1`] = `
<div>
  <div
    class="Subscribe-sc-4khb8h-0 hCaqfs"
  >
    <div
      class="MuiFormControl-root-1 MuiFormControl-marginNormal-2 textInput TextInput-k6q9l7-0 jjzSuf"
    >
      <label
        class="MuiFormLabel-root-16 MuiInputLabel-root-5 MuiInputLabel-formControl-10 MuiInputLabel-animated-13 MuiInputLabel-outlined-15"
        data-shrink="false"
        for="email"
      >
        Email
      </label>
      <div
        class="MuiInputBase-root-36 MuiOutlinedInput-root-23 MuiInputBase-formControl-37"
      >
        <fieldset
          aria-hidden="true"
          class="MuiPrivateNotchedOutline-root-53 MuiOutlinedInput-notchedOutline-30"
          style="padding-left: 8px;"
        >
          <legend
            class="MuiPrivateNotchedOutline-legend-54"
            style="width: 0.01px;"
          >
            <span>
              ​
            </span>
          </legend>
        </fieldset>
        <input
          aria-invalid="false"
          class="MuiInputBase-input-46 MuiOutlinedInput-input-31"
          id="email"
          type="text"
          value=""
        />
      </div>
    </div>
    <div
      class="MuiFormControl-root-1 MuiFormControl-marginNormal-2 textInput TextInput-k6q9l7-0 jjzSuf"
    >
      <label
        class="MuiFormLabel-root-16 MuiInputLabel-root-5 MuiInputLabel-formControl-10 MuiInputLabel-animated-13 MuiInputLabel-outlined-15"
        data-shrink="false"
        for="first"
      >
        First Name
      </label>
      <div
        class="MuiInputBase-root-36 MuiOutlinedInput-root-23 MuiInputBase-formControl-37"
      >
        <fieldset
          aria-hidden="true"
          class="MuiPrivateNotchedOutline-root-53 MuiOutlinedInput-notchedOutline-30"
          style="padding-left: 8px;"
        >
          <legend
            class="MuiPrivateNotchedOutline-legend-54"
            style="width: 0.01px;"
          >
            <span>
              ​
            </span>
          </legend>
        </fieldset>
        <input
          aria-invalid="false"
          class="MuiInputBase-input-46 MuiOutlinedInput-input-31"
          id="first"
          type="text"
          value=""
        />
      </div>
    </div>
    <div
      class="MuiFormControl-root-1 MuiFormControl-marginNormal-2 textInput TextInput-k6q9l7-0 jjzSuf"
    >
      <label
        class="MuiFormLabel-root-16 MuiInputLabel-root-5 MuiInputLabel-formControl-10 MuiInputLabel-animated-13 MuiInputLabel-outlined-15"
        data-shrink="false"
        for="last"
      >
        Last Name
      </label>
      <div
        class="MuiInputBase-root-36 MuiOutlinedInput-root-23 MuiInputBase-formControl-37"
      >
        <fieldset
          aria-hidden="true"
          class="MuiPrivateNotchedOutline-root-53 MuiOutlinedInput-notchedOutline-30"
          style="padding-left: 8px;"
        >
          <legend
            class="MuiPrivateNotchedOutline-legend-54"
            style="width: 0.01px;"
          >
            <span>
              ​
            </span>
          </legend>
        </fieldset>
        <input
          aria-invalid="false"
          class="MuiInputBase-input-46 MuiOutlinedInput-input-31"
          id="last"
          type="text"
          value=""
        />
      </div>
    </div>
    <label
      class="MuiFormControlLabel-root-55"
    >
      <span
        class="MuiButtonBase-root-77 MuiIconButton-root-71 MuiPrivateSwitchBase-root-67 MuiCheckbox-root-61 MuiCheckbox-colorSecondary-66"
      >
        <span
          class="MuiIconButton-label-76"
        >
          <svg
            aria-hidden="true"
            class="MuiSvgIcon-root-80"
            focusable="false"
            role="presentation"
            viewBox="0 0 24 24"
          >
            <path
              d="M19 5v14H5V5h14m0-2H5c-1.1 0-2 .9-2 2v14c0 1.1.9 2 2 2h14c1.1 0 2-.9 2-2V5c0-1.1-.9-2-2-2z"
            />
          </svg>
          <input
            class="MuiPrivateSwitchBase-input-70"
            data-indeterminate="false"
            type="checkbox"
            value="accepted"
          />
        </span>
        <span
          class="MuiTouchRipple-root-151"
        />
      </span>
      <span
        class="MuiTypography-root-89 MuiTypography-body2-97 MuiFormControlLabel-label-60"
      >
        Yes, I would like to receive the free newsletter per email. I can withdraw my consent at any time. I've read the Privacy Policy.
      </span>
    </label>
    <button
      class="MuiButtonBase-root-77 MuiButtonBase-disabled-78 MuiButton-root-125 MuiButton-contained-136 MuiButton-containedPrimary-137 MuiButton-raised-139 MuiButton-raisedPrimary-140 MuiButton-disabled-145 subButton"
      disabled=""
      tabindex="-1"
      type="button"
    >
      <span
        class="MuiButton-label-126"
      >
        Subscribe
      </span>
    </button>
  </div>
</div>
`;
