// Jest Snapshot v1, https://goo.gl/fbAQLP

exports[`<Lineup /> should work 1`] = `undefined`;
