// Jest Snapshot v1, https://goo.gl/fbAQLP

exports[`<Dialog /> should match snapshort 1`] = `
<div
  aria-hidden="true"
/>
`;
