// Jest Snapshot v1, https://goo.gl/fbAQLP

exports[`<PrivacyText /> should match snapshort 1`] = `
<div>
  <h2
    class="MuiTypography-root-1 MuiTypography-h5-17 PrivacyText-rns7yr-0 hRsTIG"
  >
    This is a text
  </h2>
</div>
`;
