// Jest Snapshot v1, https://goo.gl/fbAQLP

exports[`<withConditional /> should match snapshort 1`] = `<div />`;
